Picked up JAVA_TOOL_OPTIONS: -Duser.home=/tmp/mmc-ghidra-home
Picked up JAVA_TOOL_OPTIONS: -Duser.home=/tmp/mmc-ghidra-home
Picked up JAVA_TOOL_OPTIONS: -Duser.home=/tmp/mmc-ghidra-home
Picked up JAVA_TOOL_OPTIONS: -Duser.home=/tmp/mmc-ghidra-home
openjdk version "25.0.4.1" 2026-08-18
OpenJDK Runtime Environment (Red_Hat-25.0.4.1.1-1) (build 25.0.4.1+1)
OpenJDK 64-Bit Server VM (Red_Hat-25.0.4.1.1-1) (build 25.0.4.1+1, mixed mode)
INFO  Using log config file: jar:file:/home/vaishnavkm/Tools/ghidra_12.1.4_PUBLIC/Ghidra/Framework/Generic/lib/Generic.jar!/generic.log4j.xml (LoggingInitialization)  
INFO  Using log file: /tmp/mmc-ghidra-home/.config/ghidra/ghidra_12.1.4_PUBLIC/application.log (LoggingInitialization)  
INFO  Loading user preferences: /tmp/mmc-ghidra-home/.config/ghidra/ghidra_12.1.4_PUBLIC/preferences (Preferences)  
INFO  Searching for classes... (ClassSearcher)  
INFO  Class search complete (1088 ms) (ClassSearcher)  
INFO  Initializing SSL Context (DefaultSSLContextInitializer)  
INFO  Initializing Random Number Generator... (SecureRandomFactory)  
INFO  Random Number Generator initialization complete: NativePRNGNonBlocking (SecureRandomFactory)  
INFO  Trust manager disabled, cacerts have not been set (DefaultTrustManagerFactory)  
INFO  Headless startup complete (2657 ms) (AnalyzeHeadless)  
INFO  Class searcher loaded 59 extension points (20 false positives) (ClassSearcher)  
WARNING: A terminally deprecated method in sun.misc.Unsafe has been called
WARNING: sun.misc.Unsafe::staticFieldOffset has been called by org.apache.felix.framework.util.SecureAction (file:/home/vaishnavkm/Tools/ghidra_12.1.4_PUBLIC/Ghidra/Features/Base/lib/org.apache.felix.framework-7.0.5.jar)
WARNING: Please consider reporting this to the maintainers of class org.apache.felix.framework.util.SecureAction
WARNING: sun.misc.Unsafe::staticFieldOffset will be removed in a future release
INFO  HEADLESS Script Paths:
    /home/vaishnavkm/Tools/ghidra_12.1.4_PUBLIC/Ghidra/Features/WildcardAssembler/ghidra_scripts
    /home/vaishnavkm/Tools/ghidra_12.1.4_PUBLIC/Ghidra/Processors/DATA/ghidra_scripts
    /home/vaishnavkm/Tools/ghidra_12.1.4_PUBLIC/Ghidra/Features/VersionTracking/ghidra_scripts
    /home/vaishnavkm/Tools/ghidra_12.1.4_PUBLIC/Ghidra/Features/SwiftDemangler/ghidra_scripts
    /home/vaishnavkm/Tools/ghidra_12.1.4_PUBLIC/Ghidra/Processors/Atmel/ghidra_scripts
    /home/vaishnavkm/Tools/ghidra_12.1.4_PUBLIC/Ghidra/Features/FunctionID/ghidra_scripts
    /home/vaishnavkm/Tools/ghidra_12.1.4_PUBLIC/Ghidra/Features/PyGhidra/ghidra_scripts
    /home/vaishnavkm/Tools/ghidra_12.1.4_PUBLIC/Ghidra/Processors/8051/ghidra_scripts
    /home/vaishnavkm/Tools/ghidra_12.1.4_PUBLIC/Ghidra/Processors/PIC/ghidra_scripts
    /home/vaishnavkm/Tools/ghidra_12.1.4_PUBLIC/Ghidra/Features/Base/ghidra_scripts
    /home/vaishnavkm/Tools/ghidra_12.1.4_PUBLIC/Ghidra/Processors/JVM/ghidra_scripts
    /home/vaishnavkm/Tools/ghidra_12.1.4_PUBLIC/Ghidra/Features/GnuDemangler/ghidra_scripts
    /home/vaishnavkm/Tools/ghidra_12.1.4_PUBLIC/Ghidra/Debug/Debugger-rmi-trace/ghidra_scripts
    /home/vaishnavkm/Projects/MiniMilitiaMod/native-analysis/ghidra_scripts
    /home/vaishnavkm/Tools/ghidra_12.1.4_PUBLIC/Ghidra/Features/MicrosoftCodeAnalyzer/ghidra_scripts
    /home/vaishnavkm/Tools/ghidra_12.1.4_PUBLIC/Ghidra/Features/BSim/ghidra_scripts
    /home/vaishnavkm/Tools/ghidra_12.1.4_PUBLIC/Ghidra/Features/FileFormats/ghidra_scripts
    /home/vaishnavkm/Tools/ghidra_12.1.4_PUBLIC/Ghidra/Features/Decompiler/ghidra_scripts
    /home/vaishnavkm/Tools/ghidra_12.1.4_PUBLIC/Ghidra/Features/PDB/ghidra_scripts
    /home/vaishnavkm/Tools/ghidra_12.1.4_PUBLIC/Ghidra/Features/DecompilerDependent/ghidra_scripts
    /home/vaishnavkm/Tools/ghidra_12.1.4_PUBLIC/Ghidra/Features/SystemEmulation/ghidra_scripts
    /home/vaishnavkm/Tools/ghidra_12.1.4_PUBLIC/Ghidra/Debug/Debugger/ghidra_scripts
    /home/vaishnavkm/Tools/ghidra_12.1.4_PUBLIC/Ghidra/Features/BytePatterns/ghidra_scripts (HeadlessAnalyzer)  
INFO  HEADLESS: execution starts (HeadlessAnalyzer)  
INFO  Opening existing project: /home/vaishnavkm/Projects/MiniMilitiaMod/native-analysis/MiniMilitiaAnalysis (HeadlessAnalyzer)  
INFO  Opening project: /home/vaishnavkm/Projects/MiniMilitiaMod/native-analysis/MiniMilitiaAnalysis (HeadlessProject)  
INFO  REPORT: Processing read-only project file: /libcocos2dcpp.so (HeadlessAnalyzer)  
INFO  REPORT: Execute script: ExportPickupUI.java '/home/vaishnavkm/Projects/MiniMilitiaMod/native-analysis/pickup-ui-decompiled.txt'  (HeadlessAnalyzer)  
INFO  SCRIPT: /home/vaishnavkm/Projects/MiniMilitiaMod/native-analysis/ghidra_scripts/ExportPickupUI.java (HeadlessAnalyzer)  
